// Jest Snapshot v1, https://goo.gl/fbAQLP

exports[`about me page snapshot renders correctly 1`] = `
<section
  className="sectionMargin"
>
  <section
    style={
      Object {
        "alignItems": "center",
        "backgroundColor": "var(--hero-background, #395E66)",
        "borderRadius": "5px",
        "boxShadow": "var(--box-shadow, -1px 0px 38px 8px rgba(0,0,0,0.51))",
        "color": "var(--header-text, #F0F8FF)",
        "display": "flex",
        "flexDirection": "column",
        "fontFamily": "Lexend Deca, sans-serif",
        "margin": "2rem auto",
        "maxWidth": "300px",
        "padding": "2rem",
      }
    }
  >
    <div
      style={
        Object {
          "height": "300px",
          "overflow": "hidden",
          "width": "150px",
        }
      }
    >
      <img
        alt="headshot of the page owner Giuseppe Fazzolari"
        src="Image to pull headshot.jpeg"
        style={
          Object {
            "borderRadius": "5px",
            "height": "100%",
            "objectFit": "cover",
            "objectPosition": "25% 20px",
            "transform": "scale(1.85)",
            "width": "100%",
          }
        }
      />
    </div>
    <h1
      style={
        Object {
          "color": "var(--header-text, #F0F8FF)",
          "marginTop": "1rem",
        }
      }
    >
      Giuseppe Fazzolari
    </h1>
    <p
      style={
        Object {
          "color": "var(--hero-secondaryText, #C1AE7C)",
          "fontFamily": "Ubuntu sans-serif",
        }
      }
    >
      Software Engineer
    </p>
  </section>
  <section
    style={
      Object {
        "alignItems": "center",
        "backgroundColor": "var(--header-background, #071013)",
        "color": "var(--heaader-text, #F0F8FF)",
        "display": "flex",
        "justifyContent": "center",
        "padding": "1rem",
        "width": "100vw",
      }
    }
  >
    <section
      style={
        Object {
          "backgroundColor": "var(--header-contrastColor, #75ABBC)",
          "borderRadius": "5px",
          "boxShadow": "",
          "color": "var(--header-background, #071013)",
          "fontFamily": "Lexend Deca, sans-serif",
          "margin": "2rem auto",
          "maxWidth": "600px",
          "padding": "2rem",
        }
      }
    >
      <p>
        I'm an avid hiker, biker, backcountry camper, and hanger (Hammocking). I Love all things outdoors! I have a passion for learning, and love to be challenged. I am happiest when I am creating something. My current experience includes REST API, MERN, CRUD, CI/CD, TDD. 
      </p>
      <div
        style={
          Object {
            "display": "flex",
            "flexDirection": "row",
            "justifyContent": "space-around",
            "marginTop": "1rem",
          }
        }
      >
        <div>
          <ul>
            <li>
              TypeScript
            </li>
            <li>
              JavaScript
            </li>
            <li>
              Git
            </li>
            <li>
              React
            </li>
            <li>
              Node
            </li>
            <li>
              React Native
            </li>
            <li>
              Mongo DB
            </li>
          </ul>
        </div>
        <div>
          <ul>
            <li>
              SQL
            </li>
            <li>
              HTML5
            </li>
            <li>
              CSS3
            </li>
            <li>
              Jest
            </li>
            <li>
              Mocha
            </li>
            <li>
              Cypress E2E
            </li>
          </ul>
        </div>
      </div>
    </section>
  </section>
</section>
`;
