// Jest Snapshot v1, https://goo.gl/fbAQLP

exports[`Card Component Snapshot renders correctly 1`] = `
<section
  style={
    Object {
      "backgroundColor": "var(--hero-background, #395E66)",
      "borderRadius": "5px",
      "boxShadow": "",
      "color": "var(--header-text, #F0F8FF)",
      "fontFamily": "Lexend Deca, sans-serif",
      "margin": "2rem auto",
      "maxWidth": "fit-content",
      "padding": "2rem",
    }
  }
/>
`;
